// Jest Snapshot v1, https://goo.gl/fbAQLP

exports[`Logout Button should render loader 1`] = `
<styled.button
  onClick={[MockFunction]}
>
  Logout
</styled.button>
`;
